I'm sorry, but errors were detected in your script. Please correct the
errors listed below, and try again.


File "game/StandardEventsGenerator.rpy", line 13: expected statement.
    events_library += (event_name,event_time)
                   ^

Ren'Py Version: Ren'Py 8.0.3.22090809
Mon Nov 21 18:32:04 2022
